BL51 BANKED LINKER/LOCATER V6.22.2.0                                                    05/18/2018  00:58:11  PAGE 1


BL51 BANKED LINKER/LOCATER V6.22.2.0, INVOKED BY:
F:\SOFTWARE\KEIL_V5\C51\BIN\BL51.EXE .\Objects\LED.obj TO .\Objects\test PRINT (.\Listings\test.m51) RAMSIZE (256)


MEMORY MODEL: SMALL


INPUT MODULES INCLUDED:
  .\Objects\LED.obj (LED)
  F:\SOFTWARE\KEIL_V5\C51\LIB\C51S.LIB (?C_STARTUP)


LINK MAP OF MODULE:  .\Objects\test (LED)


            TYPE    BASE      LENGTH    RELOCATION   SEGMENT NAME
            -----------------------------------------------------

            * * * * * * *   D A T A   M E M O R Y   * * * * * * *
            REG     0000H     0008H     ABSOLUTE     "REG BANK 0"
            DATA    0008H     0002H     UNIT         ?DT?LED
            IDATA   000AH     0001H     UNIT         ?STACK

            * * * * * * *   C O D E   M E M O R Y   * * * * * * *
            CODE    0000H     0003H     ABSOLUTE     
            CODE    0003H     002CH     UNIT         ?PR?MAIN?LED
            CODE    002FH     000CH     UNIT         ?C_C51STARTUP



OVERLAY MAP OF MODULE:   .\Objects\test (LED)


SEGMENT
  +--> CALLED SEGMENT
---------------------
?C_C51STARTUP
  +--> ?PR?MAIN?LED



SYMBOL TABLE OF MODULE:  .\Objects\test (LED)

  VALUE           TYPE          NAME
  ----------------------------------

  -------         MODULE        LED
  C:0000H         SYMBOL        _ICE_DUMMY_
  D:0090H         PUBLIC        P1
  D:00B0H         PUBLIC        P3
  D:00A8H         PUBLIC        IE
  D:00B8H         PUBLIC        IP
  C:0003H         PUBLIC        main
  D:0098H         PUBLIC        SCON
  D:0088H         PUBLIC        TCON
  D:0008H         PUBLIC        a
  D:00C8H         PUBLIC        T2CON
  B:0090H.0       PUBLIC        D1
BL51 BANKED LINKER/LOCATER V6.22.2.0                                                  05/18/2018  00:58:11  PAGE 2


  D:00D0H         PUBLIC        PSW
  -------         PROC          MAIN
  C:0003H         LINE#         5
  C:0003H         LINE#         6
  C:0003H         LINE#         7
  C:0003H         LINE#         8
  C:0003H         LINE#         9
  C:0009H         LINE#         10
  C:000BH         LINE#         11
  C:0018H         LINE#         13
  C:001EH         LINE#         14
  C:0020H         LINE#         15
  -------         ENDPROC       MAIN
  -------         ENDMOD        LED

Program Size: data=11.0 xdata=0 code=59
LINK/LOCATE RUN COMPLETE.  0 WARNING(S),  0 ERROR(S)
